This is pdfTeX, Version 3.1415926-2.4-1.40.13 (TeX Live 2012/Debian) (format=pdflatex 2014.7.14)  17 MAR 2015 09:09
entering extended mode
 restricted \write18 enabled.
 %&-line parsing enabled.
**compile.tex
(./compile.tex
LaTeX2e <2011/06/27>
Babel <v3.8m> and hyphenation patterns for english, dumylang, nohyphenation, et
hiopic, farsi, arabic, pinyin, croatian, bulgarian, ukrainian, russian, slovak,
 czech, danish, dutch, usenglishmax, ukenglish, finnish, french, basque, ngerma
n, german, swissgerman, ngerman-x-2012-05-30, german-x-2012-05-30, monogreek, g
reek, ibycus, ancientgreek, hungarian, bengali, tamil, hindi, telugu, gujarati,
 sanskrit, malayalam, kannada, assamese, marathi, oriya, panjabi, italian, lati
n, latvian, lithuanian, mongolian, mongolianlmc, nynorsk, bokmal, indonesian, e
speranto, coptic, welsh, irish, interlingua, serbian, serbianc, slovenian, friu
lan, romansh, estonian, romanian, armenian, uppersorbian, turkish, afrikaans, i
celandic, kurmanji, polish, portuguese, galician, catalan, spanish, swedish, th
ai, loaded.
(./preamble.tex (./pnastwo.cls


 Two Column Journal Style for the
 Proceedings of the National Academy of Science 
 Written by Amy Hendrickson, TeXnology, Inc., 9/04
 
 This version is dated October 04, 2013


Document Class: pnastwo 
\affilcount=\count79
\saveaffilcount=\count80
\c@fnaffilcount=\count81
\c@part=\count82
\c@section=\count83
\c@subsection=\count84
\c@subsubsection=\count85
\c@paragraph=\count86
\c@subparagraph=\count87
\c@figure=\count88
\c@table=\count89
\abovecaptionskip=\skip41
\belowcaptionskip=\skip42
\bibindent=\dimen102
\bibskip=\skip43
\c@cms=\count90
\footnum=\count91
\savefootnum=\count92
\abovefigcaptionskip=\skip44
\abovetabcaptionskip=\skip45
\abovetableskip=\skip46
\belowtabcaptionskip=\dimen103
\saveparskip=\dimen104
\captionskip=\dimen105
\PushOneColTopFig=\dimen106
\PushOneColBotFig=\dimen107
\PushOneColTopTab=\dimen108
\PushOneColBotTab=\dimen109
\PushTwoColTopFig=\dimen110
\PushTwoColBotFig=\dimen111
\PushTwoColTopTab=\dimen112
\PushTwoColBotTab=\dimen113
\intextfloatskip=\skip47
\c@appfigure=\count93
\c@apptable=\count94
\c@appplate=\count95
\checkforspace=\dimen114
\savetopinsert=\box26
\savebotinsert=\box27
\secondsavetopinsert=\box28
\secondsavebotinsert=\box29
\firstcolbox=\box30
\secondcolbox=\box31
\thefirstbox=\box32
\thesecondbox=\box33
\firstcol=\dimen115
\secondcol=\dimen116
\checkheight=\dimen117
\loopnum=\count96
\firstcolsavefignum=\count97
\footnotebox=\box34
\ColUsed=\dimen118
\FigSpace=\dimen119
\testdblbotins=\box35
\pageloopnum=\count98
\endcolsavetopinsert=\box36
\endcolsavebotinsert=\box37
\testpagesize=\box38
\savelastskip=\dimen120
\partialpage=\box39
\figandtabnumber=\count99
\figandtabbox=\box40
\pagefloatnumber=\count100
\sizeoffloat=\box41
\bogus=\count101
\figinsert=\insert233
\herebox=\box42
\endfigbox=\box43
\spanbox=\box44
\dbltopins=\box45
\dblbotins=\box46
\dblbotskip=\skip48
\dblfigandtabnumber=\count102
\dblfigandtabbox=\box47
\dblloopnum=\count103
\savedblfigandtabnumber=\count104
\dblspanherebox=\box48
(/usr/share/texlive/texmf-dist/tex/latex/graphics/graphicx.sty
Package: graphicx 1999/02/16 v1.0f Enhanced LaTeX Graphics (DPC,SPQR)

(/usr/share/texlive/texmf-dist/tex/latex/graphics/keyval.sty
Package: keyval 1999/03/16 v1.13 key=value parser (DPC)
\KV@toks@=\toks14
)
(/usr/share/texlive/texmf-dist/tex/latex/graphics/graphics.sty
Package: graphics 2009/02/05 v1.0o Standard LaTeX Graphics (DPC,SPQR)

(/usr/share/texlive/texmf-dist/tex/latex/graphics/trig.sty
Package: trig 1999/03/16 v1.09 sin cos tan (DPC)
)
(/usr/share/texlive/texmf-dist/tex/latex/latexconfig/graphics.cfg
File: graphics.cfg 2010/04/23 v1.9 graphics configuration of TeX Live
)
Package graphics Info: Driver file: pdftex.def on input line 91.

(/usr/share/texlive/texmf-dist/tex/latex/pdftex-def/pdftex.def
File: pdftex.def 2011/05/27 v0.06d Graphics/color for pdfTeX

(/usr/share/texlive/texmf-dist/tex/generic/oberdiek/infwarerr.sty
Package: infwarerr 2010/04/08 v1.3 Providing info/warning/error messages (HO)
)
(/usr/share/texlive/texmf-dist/tex/generic/oberdiek/ltxcmds.sty
Package: ltxcmds 2011/11/09 v1.22 LaTeX kernel commands for general use (HO)
)
\Gread@gobject=\count105
))
\Gin@req@height=\dimen121
\Gin@req@width=\dimen122
)
(/usr/share/texlive/texmf-dist/tex/latex/oberdiek/epstopdf.sty
Package: epstopdf 2010/02/09 v2.5 Conversion with epstopdf on the fly (HO)

(/usr/share/texlive/texmf-dist/tex/latex/oberdiek/epstopdf-base.sty
Package: epstopdf-base 2010/02/09 v2.5 Base part for package epstopdf

(/usr/share/texlive/texmf-dist/tex/latex/oberdiek/grfext.sty
Package: grfext 2010/08/19 v1.1 Manage graphics extensions (HO)

(/usr/share/texlive/texmf-dist/tex/generic/oberdiek/kvdefinekeys.sty
Package: kvdefinekeys 2011/04/07 v1.3 Define keys (HO)
))
(/usr/share/texlive/texmf-dist/tex/latex/oberdiek/kvoptions.sty
Package: kvoptions 2011/06/30 v3.11 Key value format for package options (HO)

(/usr/share/texlive/texmf-dist/tex/generic/oberdiek/kvsetkeys.sty
Package: kvsetkeys 2012/04/25 v1.16 Key value parser (HO)

(/usr/share/texlive/texmf-dist/tex/generic/oberdiek/etexcmds.sty
Package: etexcmds 2011/02/16 v1.5 Avoid name clashes with e-TeX commands (HO)

(/usr/share/texlive/texmf-dist/tex/generic/oberdiek/ifluatex.sty
Package: ifluatex 2010/03/01 v1.3 Provides the ifluatex switch (HO)
Package ifluatex Info: LuaTeX not detected.
)
Package etexcmds Info: Could not find \expanded.
(etexcmds)             That can mean that you are not using pdfTeX 1.50 or
(etexcmds)             that some package has redefined \expanded.
(etexcmds)             In the latter case, load this package earlier.
)))
(/usr/share/texlive/texmf-dist/tex/generic/oberdiek/pdftexcmds.sty
Package: pdftexcmds 2011/11/29 v0.20 Utility functions of pdfTeX for LuaTeX (HO
)

(/usr/share/texlive/texmf-dist/tex/generic/oberdiek/ifpdf.sty
Package: ifpdf 2011/01/30 v2.3 Provides the ifpdf switch (HO)
Package ifpdf Info: pdfTeX in PDF mode is detected.
)
Package pdftexcmds Info: LuaTeX not detected.
Package pdftexcmds Info: \pdf@primitive is available.
Package pdftexcmds Info: \pdf@ifprimitive is available.
Package pdftexcmds Info: \pdfdraftmode found.
)
Package grfext Info: Graphics extension search list:
(grfext)             [.png,.pdf,.jpg,.mps,.jpeg,.jbig2,.jb2,.PNG,.PDF,.JPG,.JPE
G,.JBIG2,.JB2,.eps]
(grfext)             \AppendGraphicsExtensions on input line 452.

(/usr/share/texlive/texmf-dist/tex/latex/latexconfig/epstopdf-sys.cfg
File: epstopdf-sys.cfg 2010/07/13 v1.3 Configuration of (r)epstopdf for TeX Liv
e
)))
(/usr/share/texlive/texmf-dist/tex/latex/amsfonts/amssymb.sty
Package: amssymb 2009/06/22 v3.00

(/usr/share/texlive/texmf-dist/tex/latex/amsfonts/amsfonts.sty
Package: amsfonts 2009/06/22 v3.00 Basic AMSFonts support
\@emptytoks=\toks15
\symAMSa=\mathgroup4
\symAMSb=\mathgroup5
LaTeX Font Info:    Overwriting math alphabet `\mathfrak' in version `bold'
(Font)                  U/euf/m/n --> U/euf/b/n on input line 96.
))
(/usr/share/texlive/texmf-dist/tex/latex/amsmath/amsmath.sty
Package: amsmath 2000/07/18 v2.13 AMS math features
\@mathmargin=\skip49

For additional information on amsmath, use the `?' option.
(/usr/share/texlive/texmf-dist/tex/latex/amsmath/amstext.sty
Package: amstext 2000/06/29 v2.01

(/usr/share/texlive/texmf-dist/tex/latex/amsmath/amsgen.sty
File: amsgen.sty 1999/11/30 v2.0
\@emptytoks=\toks16
\ex@=\dimen123
))
(/usr/share/texlive/texmf-dist/tex/latex/amsmath/amsbsy.sty
Package: amsbsy 1999/11/29 v1.2d
\pmbraise@=\dimen124
)
(/usr/share/texlive/texmf-dist/tex/latex/amsmath/amsopn.sty
Package: amsopn 1999/12/14 v2.01 operator names
)
\inf@bad=\count106
LaTeX Info: Redefining \frac on input line 211.
\uproot@=\count107
\leftroot@=\count108
LaTeX Info: Redefining \overline on input line 307.
\classnum@=\count109
\DOTSCASE@=\count110
LaTeX Info: Redefining \ldots on input line 379.
LaTeX Info: Redefining \dots on input line 382.
LaTeX Info: Redefining \cdots on input line 467.
\Mathstrutbox@=\box49
\strutbox@=\box50
\big@size=\dimen125
LaTeX Font Info:    Redeclaring font encoding OML on input line 567.
LaTeX Font Info:    Redeclaring font encoding OMS on input line 568.
\macc@depth=\count111
\c@MaxMatrixCols=\count112
\dotsspace@=\muskip10
\c@parentequation=\count113
\dspbrk@lvl=\count114
\tag@help=\toks17
\row@=\count115
\column@=\count116
\maxfields@=\count117
\andhelp@=\toks18
\eqnshift@=\dimen126
\alignsep@=\dimen127
\tagshift@=\dimen128
\tagwidth@=\dimen129
\totwidth@=\dimen130
\lineht@=\dimen131
\@envbody=\toks19
\multlinegap=\skip50
\multlinetaggap=\skip51
\mathdisplay@stack=\toks20
LaTeX Info: Redefining \[ on input line 2666.
LaTeX Info: Redefining \] on input line 2667.
)
(/usr/share/texmf/tex/latex/xcolor/xcolor.sty
Package: xcolor 2007/01/21 v2.11 LaTeX color extensions (UK)

(/usr/share/texlive/texmf-dist/tex/latex/latexconfig/color.cfg
File: color.cfg 2007/01/18 v1.5 color configuration of teTeX/TeXLive
)
Package xcolor Info: Package option `usenames' ignored on input line 216.
Package xcolor Info: Driver file: pdftex.def on input line 225.
Package xcolor Info: Model `cmy' substituted by `cmy0' on input line 1337.
Package xcolor Info: Model `hsb' substituted by `rgb' on input line 1341.
Package xcolor Info: Model `RGB' extended on input line 1353.
Package xcolor Info: Model `HTML' substituted by `rgb' on input line 1355.
Package xcolor Info: Model `Hsb' substituted by `hsb' on input line 1356.
Package xcolor Info: Model `tHsb' substituted by `hsb' on input line 1357.
Package xcolor Info: Model `HSB' substituted by `hsb' on input line 1358.
Package xcolor Info: Model `Gray' substituted by `gray' on input line 1359.
Package xcolor Info: Model `wave' substituted by `hsb' on input line 1360.
)
\captionwidth=\dimen132
\widecaptionwidth=\dimen133
\tablenoteloopnum=\count118
\tablenotenum=\count119
\c@theorem=\count120
\c@lemma=\count121
\c@definition=\count122
\c@claim=\count123
\c@alemma=\count124
\c@remark=\count125
\tablewide=\box51
)
(/usr/share/texlive/texmf-dist/tex/latex/natbib/natbib.sty
Package: natbib 2010/09/13 8.31b (PWD, AO)
\bibhang=\skip52
\bibsep=\skip53
LaTeX Info: Redefining \cite on input line 694.
\c@NAT@ctr=\count126
)
(/usr/share/texlive/texmf-dist/tex/latex/hyperref/hyperref.sty
Package: hyperref 2012/05/13 v6.82q Hypertext links for LaTeX

(/usr/share/texlive/texmf-dist/tex/generic/oberdiek/hobsub-hyperref.sty
Package: hobsub-hyperref 2012/05/28 v1.13 Bundle oberdiek, subset hyperref (HO)


(/usr/share/texlive/texmf-dist/tex/generic/oberdiek/hobsub-generic.sty
Package: hobsub-generic 2012/05/28 v1.13 Bundle oberdiek, subset generic (HO)
Package: hobsub 2012/05/28 v1.13 Construct package bundles (HO)
Package hobsub Info: Skipping package `infwarerr' (already loaded).
Package hobsub Info: Skipping package `ltxcmds' (already loaded).
Package hobsub Info: Skipping package `ifluatex' (already loaded).
Package: ifvtex 2010/03/01 v1.5 Detect VTeX and its facilities (HO)
Package ifvtex Info: VTeX not detected.
Package: intcalc 2007/09/27 v1.1 Expandable calculations with integers (HO)
Package hobsub Info: Skipping package `ifpdf' (already loaded).
Package hobsub Info: Skipping package `etexcmds' (already loaded).
Package hobsub Info: Skipping package `kvsetkeys' (already loaded).
Package hobsub Info: Skipping package `kvdefinekeys' (already loaded).
Package hobsub Info: Skipping package `pdftexcmds' (already loaded).
Package: pdfescape 2011/11/25 v1.13 Implements pdfTeX's escape features (HO)
Package: bigintcalc 2012/04/08 v1.3 Expandable calculations on big integers (HO
)
Package: bitset 2011/01/30 v1.1 Handle bit-vector datatype (HO)
Package: uniquecounter 2011/01/30 v1.2 Provide unlimited unique counter (HO)
)
Package hobsub Info: Skipping package `hobsub' (already loaded).
Package: letltxmacro 2010/09/02 v1.4 Let assignment for LaTeX macros (HO)
Package: hopatch 2012/05/28 v1.2 Wrapper for package hooks (HO)
Package: xcolor-patch 2011/01/30 xcolor patch
Package: atveryend 2011/06/30 v1.8 Hooks at the very end of document (HO)
Package: atbegshi 2011/10/05 v1.16 At begin shipout hook (HO)
Package: refcount 2011/10/16 v3.4 Data extraction from label references (HO)
Package: hycolor 2011/01/30 v1.7 Color options for hyperref/bookmark (HO)
)
(/usr/share/texlive/texmf-dist/tex/generic/ifxetex/ifxetex.sty
Package: ifxetex 2010/09/12 v0.6 Provides ifxetex conditional
)
\@linkdim=\dimen134
\Hy@linkcounter=\count127
\Hy@pagecounter=\count128

(/usr/share/texlive/texmf-dist/tex/latex/hyperref/pd1enc.def
File: pd1enc.def 2012/05/13 v6.82q Hyperref: PDFDocEncoding definition (HO)
)
\Hy@SavedSpaceFactor=\count129

(/usr/share/texlive/texmf-dist/tex/latex/latexconfig/hyperref.cfg
File: hyperref.cfg 2002/06/06 v1.2 hyperref configuration of TeXLive
)
Package hyperref Info: Option `final' set `true' on input line 3941.
Package hyperref Info: Hyper figures OFF on input line 4062.
Package hyperref Info: Link nesting OFF on input line 4067.
Package hyperref Info: Hyper index ON on input line 4070.
Package hyperref Info: Plain pages OFF on input line 4077.
Package hyperref Info: Backreferencing OFF on input line 4082.
Package hyperref Info: Implicit mode ON; LaTeX internals redefined.
Package hyperref Info: Bookmarks ON on input line 4300.
\c@Hy@tempcnt=\count130

(/usr/share/texlive/texmf-dist/tex/latex/url/url.sty
\Urlmuskip=\muskip11
Package: url 2006/04/12  ver 3.3  Verb mode for urls, etc.
)
LaTeX Info: Redefining \url on input line 4653.
\Fld@menulength=\count131
\Field@Width=\dimen135
\Fld@charsize=\dimen136
Package hyperref Info: Hyper figures OFF on input line 5773.
Package hyperref Info: Link nesting OFF on input line 5778.
Package hyperref Info: Hyper index ON on input line 5781.
Package hyperref Info: backreferencing OFF on input line 5788.
Package hyperref Info: Link coloring OFF on input line 5793.
Package hyperref Info: Link coloring with OCG OFF on input line 5798.
Package hyperref Info: PDF/A mode OFF on input line 5803.
LaTeX Info: Redefining \ref on input line 5843.
LaTeX Info: Redefining \pageref on input line 5847.
\Hy@abspage=\count132
\c@Item=\count133
\c@Hfootnote=\count134
)

Package hyperref Message: Driver (autodetected): hpdftex.

(/usr/share/texlive/texmf-dist/tex/latex/hyperref/hpdftex.def
File: hpdftex.def 2012/05/13 v6.82q Hyperref driver for pdfTeX
\Fld@listcount=\count135
\c@bookmark@seq@number=\count136

(/usr/share/texlive/texmf-dist/tex/latex/oberdiek/rerunfilecheck.sty
Package: rerunfilecheck 2011/04/15 v1.7 Rerun checks for auxiliary files (HO)
Package uniquecounter Info: New unique counter `rerunfilecheck' on input line 2
82.
)
\Hy@SectionHShift=\skip54
)
(/usr/share/texlive/texmf-dist/tex/latex/placeins/placeins.sty
Package: placeins 2005/04/18  v 2.2
)
(/usr/share/texlive/texmf-dist/tex/latex/geometry/geometry.sty
Package: geometry 2010/09/12 v5.6 Page Geometry
\Gm@cnth=\count137
\Gm@cntv=\count138
\c@Gm@tempcnt=\count139
\Gm@bindingoffset=\dimen137
\Gm@wd@mp=\dimen138
\Gm@odd@mp=\dimen139
\Gm@even@mp=\dimen140
\Gm@layoutwidth=\dimen141
\Gm@layoutheight=\dimen142
\Gm@layouthoffset=\dimen143
\Gm@layoutvoffset=\dimen144
\Gm@dimlist=\toks21
)
(/usr/share/texlive/texmf-dist/tex/latex/multirow/multirow.sty
\bigstrutjot=\dimen145
)
(/usr/share/texlive/texmf-dist/tex/latex/tools/array.sty
Package: array 2008/09/09 v2.4c Tabular extension package (FMi)
\col@sep=\dimen146
\extrarowheight=\dimen147
\NC@list=\toks22
\extratabsurround=\skip55
\backup@length=\skip56
)
(/usr/share/texlive/texmf-dist/tex/latex/booktabs/booktabs.sty
Package: booktabs 2005/04/14 v1.61803 publication quality tables
\heavyrulewidth=\dimen148
\lightrulewidth=\dimen149
\cmidrulewidth=\dimen150
\belowrulesep=\dimen151
\belowbottomsep=\dimen152
\aboverulesep=\dimen153
\abovetopsep=\dimen154
\cmidrulesep=\dimen155
\cmidrulekern=\dimen156
\defaultaddspace=\dimen157
\@cmidla=\count140
\@cmidlb=\count141
\@aboverulesep=\dimen158
\@belowrulesep=\dimen159
\@thisruleclass=\count142
\@lastruleclass=\count143
\@thisrulewidth=\dimen160
)
(/usr/share/texlive/texmf-dist/tex/latex/tools/longtable.sty
Package: longtable 2004/02/01 v4.11 Multi-page Table package (DPC)
\LTleft=\skip57
\LTright=\skip58
\LTpre=\skip59
\LTpost=\skip60
\LTchunksize=\count144
\LTcapwidth=\dimen161
\LT@head=\box52
\LT@firsthead=\box53
\LT@foot=\box54
\LT@lastfoot=\box55
\LT@cols=\count145
\LT@rows=\count146
\c@LT@tables=\count147
\c@LT@chunks=\count148
\LT@p@ftn=\toks23
)
(/usr/share/texlive/texmf-dist/tex/latex/threeparttablex/threeparttablex.sty
Package: threeparttablex 2010/07/14 v0.2 by daleif

(/usr/share/texlive/texmf-dist/tex/latex/threeparttable/threeparttable.sty
Package: threeparttable 2003/06/13  v 3.0
\@tempboxb=\box56
)
(/usr/share/texlive/texmf-dist/tex/latex/environ/environ.sty
Package: environ 2008/06/18 v0.2 A new way to define environments
)
\TPTL@width=\skip61
) (./compile.aux)
\openout1 = `compile.aux'.

LaTeX Font Info:    Checking defaults for OML/cmm/m/it on input line 53.
LaTeX Font Info:    ... okay on input line 53.
LaTeX Font Info:    Checking defaults for T1/cmr/m/n on input line 53.
LaTeX Font Info:    ... okay on input line 53.
LaTeX Font Info:    Checking defaults for OT1/cmr/m/n on input line 53.
LaTeX Font Info:    ... okay on input line 53.
LaTeX Font Info:    Checking defaults for OMS/cmsy/m/n on input line 53.
LaTeX Font Info:    ... okay on input line 53.
LaTeX Font Info:    Checking defaults for OMX/cmex/m/n on input line 53.
LaTeX Font Info:    ... okay on input line 53.
LaTeX Font Info:    Checking defaults for U/cmr/m/n on input line 53.
LaTeX Font Info:    ... okay on input line 53.
LaTeX Font Info:    Checking defaults for PD1/pdf/m/n on input line 53.
LaTeX Font Info:    ... okay on input line 53.

(/usr/share/texlive/texmf-dist/tex/latex/crop/crop.sty
Package: crop 2003/05/20 v1.9 crop marks (mf)
\stockwidth=\dimen162
\stockheight=\dimen163
\CROP@index=\count149
Package crop Info: requested driver: `' on input line 123.
Package crop Info: detected driver: `pdftex' on input line 123.
\CROP@offset=\count150
Package crop Info: Local config file crop.cfg used on input line 605.

(/usr/share/texlive/texmf-dist/tex/xelatex/xetexconfig/crop.cfg)
Package crop Info: using `pdftex' graphics driver on input line 607.
)
(/usr/share/texlive/texmf-dist/tex/context/base/supp-pdf.mkii
[Loading MPS to PDF converter (version 2006.09.02).]
\scratchcounter=\count151
\scratchdimen=\dimen164
\scratchbox=\box57
\nofMPsegments=\count152
\nofMParguments=\count153
\everyMPshowfont=\toks24
\MPscratchCnt=\count154
\MPscratchDim=\dimen165
\MPnumerator=\count155
\makeMPintoPDFobject=\count156
\everyMPtoPDFconversion=\toks25
)
\AtBeginShipoutBox=\box58
Package atbegshi Info: Package `crop' patched.
Package hyperref Info: Link coloring OFF on input line 53.
 (/usr/share/texlive/texmf-dist/tex/latex/hyperref/nameref.sty
Package: nameref 2010/04/30 v2.40 Cross-referencing by name of section

(/usr/share/texlive/texmf-dist/tex/generic/oberdiek/gettitlestring.sty
Package: gettitlestring 2010/12/03 v1.4 Cleanup title references (HO)
)
\c@section@level=\count157
)
LaTeX Info: Redefining \ref on input line 53.
LaTeX Info: Redefining \pageref on input line 53.
LaTeX Info: Redefining \nameref on input line 53.

(./compile.out) (./compile.out)
\@outlinefile=\write3
\openout3 = `compile.out'.


*geometry* driver: auto-detecting
*geometry* detected driver: pdftex
*geometry* verbose mode - [ preamble ] result:
* driver: pdftex
* paper: a4paper
* layout: <same size as paper>
* layoutoffset:(h,v)=(0.0pt,0.0pt)
* modes: 
* h-part:(L,W,R)=(89.62709pt, 418.25368pt, 89.6271pt)
* v-part:(T,H,B)=(101.40665pt, 591.5302pt, 152.11pt)
* \paperwidth=587.19374pt
* \paperheight=785.93625pt
* \textwidth=418.25368pt
* \textheight=591.5302pt
* \oddsidemargin=17.3571pt
* \evensidemargin=17.3571pt
* \topmargin=-7.86334pt
* \headheight=12.0pt
* \headsep=25.0pt
* \topskip=10.0pt
* \footskip=30.0pt
* \marginparwidth=57.0pt
* \marginparsep=11.0pt
* \columnsep=13.5pt
* \skip\footins=19.0pt plus 4.0pt minus 2.0pt
* \hoffset=0.0pt
* \voffset=0.0pt
* \mag=1000
* \@twocolumnfalse
* \@twosidefalse
* \@mparswitchfalse
* \@reversemarginfalse
* (1in=72.27pt=25.4mm, 1cm=28.453pt)

)
LaTeX Font Info:    Try loading font information for U+msa on input line 3.
 (/usr/share/texlive/texmf-dist/tex/latex/amsfonts/umsa.fd
File: umsa.fd 2009/06/22 v3.00 AMS symbols A
)
LaTeX Font Info:    Try loading font information for U+msb on input line 3.

(/usr/share/texlive/texmf-dist/tex/latex/amsfonts/umsb.fd
File: umsb.fd 2009/06/22 v3.00 AMS symbols B
)

Package hyperref Warning: Ignoring empty anchor on input line 3.

(./supplemental.tex
Missing character: There is no ¬ in font cmr9!
Missing character: There is no ∞ in font cmr9!
Missing character: There is no ‚ in font cmr9!
Missing character: There is no Ä in font cmr9!
Missing character: There is no ô in font cmr9!
Missing character: There is no ¬ in font cmr9!
Missing character: There is no ∞ in font cmr9!
Missing character: There is no ‚ in font cmr9!
Missing character: There is no Ä in font cmr9!
Missing character: There is no ô in font cmr9!
Missing character: There is no ¬ in font cmr9!
Missing character: There is no ∞ in font cmr9!
Missing character: There is no ‚ in font cmr9!
Missing character: There is no Ä in font cmr9!
Missing character: There is no ô in font cmr9!
Missing character: There is no ¬ in font cmr9!
Missing character: There is no ∞ in font cmr9!
Missing character: There is no ‚ in font cmr9!
Missing character: There is no Ä in font cmr9!
Missing character: There is no ô in font cmr9!
Missing character: There is no ¬ in font cmr9!
Missing character: There is no ∞ in font cmr9!
Missing character: There is no ‚ in font cmr9!
Missing character: There is no Ä in font cmr9!
Missing character: There is no ô in font cmr9!
Missing character: There is no ¬ in font cmr9!
Missing character: There is no ∞ in font cmr9!
Missing character: There is no ‚ in font cmr9!
Missing character: There is no Ä in font cmr9!
Missing character: There is no ô in font cmr9!
Missing character: There is no ¬ in font cmr9!
Missing character: There is no ∞ in font cmr9!
Missing character: There is no ‚ in font cmr9!
Missing character: There is no Ä in font cmr9!
Missing character: There is no ô in font cmr9!
Missing character: There is no ¬ in font cmr9!
Missing character: There is no ∞ in font cmr9!
Missing character: There is no ‚ in font cmr9!
Missing character: There is no Ä in font cmr9!
Missing character: There is no ô in font cmr9!
Missing character: There is no ¬ in font cmr9!
Missing character: There is no ∞ in font cmr9!
Missing character: There is no ‚ in font cmr9!
Missing character: There is no Ä in font cmr9!
Missing character: There is no ô in font cmr9!
Missing character: There is no ¬ in font cmr9!
Missing character: There is no ∞ in font cmr9!
Missing character: There is no ‚ in font cmr9!
Missing character: There is no Ä in font cmr9!
Missing character: There is no ô in font cmr9!
Missing character: There is no ¬ in font cmr9!
Missing character: There is no ∞ in font cmr9!
Missing character: There is no ‚ in font cmr9!
Missing character: There is no Ä in font cmr9!
Missing character: There is no ô in font cmr9!
Missing character: There is no ¬ in font cmr9!
Missing character: There is no ∞ in font cmr9!
Missing character: There is no ‚ in font cmr9!
Missing character: There is no Ä in font cmr9!
Missing character: There is no ô in font cmr9!
Missing character: There is no ¬ in font cmr9!
Missing character: There is no ∞ in font cmr9!
Missing character: There is no ¬ in font cmr9!
Missing character: There is no ∞ in font cmr9!
Missing character: There is no ¬ in font cmr9!
Missing character: There is no ∞ in font cmr9!
Missing character: There is no ¬ in font cmr9!
Missing character: There is no ∞ in font cmr9!
Missing character: There is no ¬ in font cmr9!
Missing character: There is no ∞ in font cmr9!
Missing character: There is no ¬ in font cmr9!
Missing character: There is no ∞ in font cmr9!

! You can't use `macro parameter character #' in horizontal mode.
l.92 ...ids (in-house made replica of teknova Cat#
                                                  C0705) and basal
? 
[1{/var/lib/texmf/fonts/map/pdftex/updmap/pdftex.map}

]
Missing character: There is no ¬ in font cmr9!
Missing character: There is no ∞ in font cmr9!
Missing character: There is no ¬ in font cmr9!
Missing character: There is no ∞ in font cmr9!
Missing character: There is no ¬ in font cmr9!
Missing character: There is no ∞ in font cmr9!
Missing character: There is no ¬ in font cmr9!
Missing character: There is no ∞ in font cmr9!
Missing character: There is no ¬ in font cmr9!
Missing character: There is no ∞ in font cmr9!
LaTeX Font Info:    Try loading font information for OML+cmr on input line 124.


(/usr/share/texlive/texmf-dist/tex/latex/base/omlcmr.fd
File: omlcmr.fd 1999/05/25 v2.5h Standard LaTeX font definitions
)
LaTeX Font Info:    Font shape `OML/cmr/m/n' in size <9> not available
(Font)              Font shape `OML/cmm/m/it' tried instead on input line 124.
Missing character: There is no ¬ in font cmr9!
Missing character: There is no ∞ in font cmr9!
 [2]

Package hyperref Warning: Token not allowed in a PDF string (PDFDocEncoding):
(hyperref)                removing `math shift' on input line 232.


Package hyperref Warning: Token not allowed in a PDF string (PDFDocEncoding):
(hyperref)                removing `superscript' on input line 232.


Package hyperref Warning: Token not allowed in a PDF string (PDFDocEncoding):
(hyperref)                removing `math shift' on input line 232.


Package natbib Warning: Citation `Love_2014' on page 3 undefined on input line 
240.


Package natbib Warning: Author undefined for citation`McMurdie_2014' 
(natbib)                on page 3 on input line 243.

Missing character: There is no ‚ in font cmr9!
Missing character: There is no Ä in font cmr9!
Missing character: There is no ú in font cmr9!
Missing character: There is no ‚ in font cmr9!
Missing character: There is no Ä in font cmr9!
Missing character: There is no ù in font cmr9!

Package natbib Warning: Author undefined for citation`McMurdie_2014' 
(natbib)                on page 3 on input line 244.

[3]
Overfull \hbox (9.7958pt too wide) in paragraph at lines 278--279
[][]$\OT1/cmtt/m/n/9 http : / / nbviewer . ipython . org / github / chuckpr /
 []


Package hyperref Warning: Token not allowed in a PDF string (PDFDocEncoding):
(hyperref)                removing `math shift' on input line 283.


Package hyperref Warning: Token not allowed in a PDF string (PDFDocEncoding):
(hyperref)                removing `superscript' on input line 283.


Package hyperref Warning: Token not allowed in a PDF string (PDFDocEncoding):
(hyperref)                removing `math shift' on input line 283.


Package hyperref Warning: Token not allowed in a PDF string (PDFDocEncoding):
(hyperref)                removing `math shift' on input line 283.


Package hyperref Warning: Token not allowed in a PDF string (PDFDocEncoding):
(hyperref)                removing `superscript' on input line 283.


Package hyperref Warning: Token not allowed in a PDF string (PDFDocEncoding):
(hyperref)                removing `math shift' on input line 283.


LaTeX Warning: Reference `tab:cell' on page 4 undefined on input line 290.


LaTeX Warning: Reference `tab:cell' on page 4 undefined on input line 292.


LaTeX Warning: Reference `tab:cell' on page 4 undefined on input line 294.


LaTeX Warning: Reference `tab:cell' on page 4 undefined on input line 315.


LaTeX Warning: Reference `tab:cell' on page 4 undefined on input line 331.


LaTeX Warning: Reference `fig:trees' on page 4 undefined on input line 331.


LaTeX Warning: Reference `fig:trees' on page 4 undefined on input line 334.


LaTeX Warning: Reference `tab:cell' on page 4 undefined on input line 349.


LaTeX Warning: Reference `fig:trees' on page 4 undefined on input line 349.


LaTeX Warning: Reference `tab:cell' on page 4 undefined on input line 354.


Package natbib Warning: Author undefined for citation`Di_Rienzi_2013' 
(natbib)                on page 4 on input line 357.


LaTeX Warning: Reference `tab:cell' on page 4 undefined on input line 367.

[4]

LaTeX Warning: Reference `tab:cell' on page 5 undefined on input line 385.


LaTeX Warning: Reference `tab:cell' on page 5 undefined on input line 398.

[5]

LaTeX Warning: Reference `tab:xyl' on page 6 undefined on input line 442.


LaTeX Warning: Reference `tab:xyl' on page 6 undefined on input line 447.


LaTeX Warning: Reference `tab:xyl' on page 6 undefined on input line 450.


Package natbib Warning: Author undefined for citation`Kong_2012' 
(natbib)                on page 6 on input line 452.


LaTeX Warning: Reference `tab:xyl' on page 6 undefined on input line 458.


LaTeX Warning: Reference `fig:trees' on page 6 undefined on input line 481.


LaTeX Warning: Reference `fig:shift' on page 6 undefined on input line 484.


LaTeX Warning: Reference `fig:copy' on page 6 undefined on input line 485.


LaTeX Warning: Reference `fig:shift' on page 6 undefined on input line 506.

[6]) (./compile.bbl
! Undefined control sequence.
l.28 ...iths R-I, Whiteley A-S, O{\textquotesingle
                                                  }Donnell A-G, Bailey M-J (...

? 
! Undefined control sequence.
<recently read> \mathplus 
                          
l.30 ...tangling the Effects of Genome G$\mathplus
                                                  $C Content and Isotope Enr...

? 
[7]
Underfull \hbox (badness 5231) in paragraph at lines 50--51
[]\OT1/cmr/m/n/9 DeSantis T-Z, Hugen-holtz P, Keller K,
 []

! Undefined control sequence.
<recently read> \mathplus 
                          
l.62 ...) {Intra-genomic variation in G $\mathplus
                                                  $ C content and its implic...

? 

Underfull \hbox (badness 5388) in paragraph at lines 94--95
[]\OT1/cmr/m/n/9 Hug L-A, Castelle C-J, Wrighton K-C,
 []

[8]) [9]

Package natbib Warning: There were undefined citations.

Package atveryend Info: Empty hook `BeforeClearDocument' on input line 8.
Package atveryend Info: Empty hook `AfterLastShipout' on input line 8.
(./compile.aux)
Package atveryend Info: Executing hook `AtVeryEndDocument' on input line 8.
Package atveryend Info: Executing hook `AtEndAfterFileList' on input line 8.
Package rerunfilecheck Info: File `compile.out' has not changed.
(rerunfilecheck)             Checksum: 12EE8E6C9F6E5CE73CEB2020D5E8024F;1459.


LaTeX Warning: There were undefined references.

 ) 
Here is how much of TeX's memory you used:
 8273 strings out of 493485
 116671 string characters out of 3143526
 233139 words of memory out of 3000000
 11353 multiletter control sequences out of 15000+200000
 16200 words of font info for 60 fonts, out of 3000000 for 9000
 957 hyphenation exceptions out of 8191
 51i,10n,37p,546b,600s stack positions out of 5000i,500n,10000p,200000b,50000s
</usr/share/texlive/texmf-dist/fonts/type1/public/amsfonts/cm/cmbx9.pfb></usr
/share/texlive/texmf-dist/fonts/type1/public/amsfonts/cm/cmbxti10.pfb></usr/sha
re/texlive/texmf-dist/fonts/type1/public/amsfonts/cm/cmmi9.pfb></usr/share/texl
ive/texmf-dist/fonts/type1/public/amsfonts/cm/cmr6.pfb></usr/share/texlive/texm
f-dist/fonts/type1/public/amsfonts/cm/cmr8.pfb></usr/share/texlive/texmf-dist/f
onts/type1/public/amsfonts/cm/cmr9.pfb></usr/share/texlive/texmf-dist/fonts/typ
e1/public/amsfonts/cm/cmss10.pfb></usr/share/texlive/texmf-dist/fonts/type1/pub
lic/amsfonts/cm/cmssbx10.pfb></usr/share/texlive/texmf-dist/fonts/type1/public/
amsfonts/cm/cmsy6.pfb></usr/share/texlive/texmf-dist/fonts/type1/public/amsfont
s/cm/cmsy9.pfb></usr/share/texlive/texmf-dist/fonts/type1/public/amsfonts/cm/cm
ti9.pfb></usr/share/texlive/texmf-dist/fonts/type1/public/amsfonts/cm/cmtt9.pfb
></usr/share/texlive/texmf-dist/fonts/type1/public/amsfonts/latxfont/lcircle1.p
fb>
Output written on compile.pdf (9 pages, 196718 bytes).
PDF statistics:
 346 PDF objects out of 1000 (max. 8388607)
 318 compressed objects within 4 object streams
 93 named destinations out of 1000 (max. 500000)
 153 words of extra memory for PDF output out of 10000 (max. 10000000)

